[miks-soft.com/ru.html]
[backblue.gif]
[fade.gif]
[index.html]
[miks-soft.com/assets/apple-touch-icon.png]
[miks-soft.com/assets/favicon.ico]
[miks-soft.com/assets/site.webmanifest]
[cdn.jsdelivr.net/npm/intl-tel-input@24.3.6/build/css/intlTelInput.css]
[miks-soft.com/build/assets/app-ec13e0af.css]
[miks-soft.com/build/assets/custom_ru-efc118cd.css]
[miks-soft.com/build/assets/index-32163a77.js]
[miks-soft.com/assets/images/logo.svg]
[cdn.jsdelivr.net/npm/intl-tel-input@24.3.6/build/js/intlTelInput.min.js]
[miks-soft.com/index.html]
[miks-soft.com/ru/services.html]
[miks-soft.com/ru/portfolio.html]
[miks-soft.com/ru/partners.html]
[miks-soft.com/assets/sprites/sprite-mono.svg]
[miks-soft.com/assets/main_screen_video.mp4]
[miks-soft.com/assets/images/pixel.png]
[miks-soft.com/assets/images/awards/awwwards.svg]
[miks-soft.com/assets/images/awards/css_design_awards.svg]
[miks-soft.com/assets/images/awards/cms_magazine.svg]
[miks-soft.com/assets/images/awards/cssfox.svg]
[miks-soft.com/assets/images/awards/behance.svg]
[miks-soft.com/assets/images/pixel.avif]
[miks-soft.com/assets/images/advantages_figure/1.avif]
[miks-soft.com/assets/images/pixel.webp]
[miks-soft.com/assets/images/advantages_figure/1.webp]
[miks-soft.com/assets/images/advantages_figure/1.png]
[miks-soft.com/assets/images/advantages_figure/2.avif]
[miks-soft.com/assets/images/advantages_figure/2.webp]
[miks-soft.com/assets/images/advantages_figure/2.png]
[miks-soft.com/assets/images/advantages_figure/3.avif]
[miks-soft.com/assets/images/advantages_figure/3.webp]
[miks-soft.com/assets/images/advantages_figure/3.png]
[miks-soft.com/assets/images/advantages_figure/4.avif]
[miks-soft.com/assets/images/advantages_figure/4.webp]
[miks-soft.com/assets/images/advantages_figure/4.png]
[miks-soft.com/assets/images/advantages_figure/5.avif]
[miks-soft.com/assets/images/advantages_figure/5.webp]
[miks-soft.com/assets/images/advantages_figure/5.png]
[miks-soft.com/storage/cases/2023/01/20/954fa936c730a22d00ecdcfa0eb203f9d6c50ddf.png]
[miks-soft.com/ru/portfolio/web/web-application-development-for-busking-cash.html]
[miks-soft.com/storage/cases/2023/01/27/068e195c56be58114e1c54b517fd5a919ac64166.png]
[miks-soft.com/ru/portfolio/web/bloomsberry-publishing-community-news-platform.html]
[miks-soft.com/storage/cases/2025/02/25/28ae710e466db2ebadd22f51b62fe19e260dd356.png]
[miks-soft.com/ru/portfolio/web/web-development-for-international-fintech-company.html]
[miks-soft.com/storage/cases/2023/02/10/25e6719689d3484c23db1d32c73aa4622c57801b.png]
[miks-soft.com/ru/portfolio/software/the-vtour-travel-platform.html]
[miks-soft.com/storage/cases/2023/01/20/f36f05cd390cd88263e5cbac23690e177e7c826d.png]
[miks-soft.com/ru/portfolio/software/a-white-label-goods-delivery-system.html]
[miks-soft.com/storage/cases/2023/02/09/039fca6e38ee977bf2a9ebd04a1ff75fd71670d7.png]
[miks-soft.com/ru/portfolio/software/crm-development-for-british-american-tobacco.html]
[miks-soft.com/storage/cases/2023/01/19/f552251265f9caf34ed425a11ef983771887a21d.png]
[miks-soft.com/ru/portfolio/app/mobile-app-development-for-qpay.html]
[miks-soft.com/storage/cases/2023/01/20/121338a9fec65cf230d0035f8d0b22301da5c8af.png]
[miks-soft.com/ru/portfolio/app/the-fitability-wellness-application.html]
[miks-soft.com/ru/portfolio/app/a-white-label-goods-delivery-system.html]
[miks-soft.com/assets/images/brands/shell_mob.svg]
[miks-soft.com/assets/images/brands/british_american_tobacco_mob.svg]
[miks-soft.com/assets/images/brands/sony_mob.svg]
[miks-soft.com/assets/images/brands/bausch_health_mob.svg]
[miks-soft.com/assets/images/brands/dr.reddys_mob.svg]
[miks-soft.com/assets/images/brands/burger_king_mob.svg]
[miks-soft.com/assets/images/brands/spar_mob.svg]
[miks-soft.com/assets/images/brands/a1_mob.svg]
[miks-soft.com/ru/privacy-policy.html]
[miks-soft.com/assets/footer_video_2.mp4]
[miks-soft.com/ru.html]
[www.googletagmanager.com/gtm5445.html]
[cdn.jsdelivr.net/npm/intl-tel-input@24.3.6/build/css/intlTelInput.css]
[miks-soft.com/build/assets/path/to/globe_light.webp]
[miks-soft.com/build/assets/path/to/globe_light@2x.webp]
[miks-soft.com/assets/images/opacity-slide1.png]
[miks-soft.com/assets/images/opacity-slide2.png]
[miks-soft.com/build/assets/app-ec13e0af.css]
[miks-soft.com/build/assets/custom_ru-efc118cd.css]
[miks-soft.com/assets/images/logo.svg]
[miks-soft.com/services.html]
[miks-soft.com/portfolio.html]
[miks-soft.com/partners.html]
[miks-soft.com/portfolio/web/web-application-development-for-busking-cash.html]
[miks-soft.com/portfolio/web/bloomsberry-publishing-community-news-platform.html]
[miks-soft.com/portfolio/web/web-development-for-international-fintech-company.html]
[miks-soft.com/portfolio/software/the-vtour-travel-platform.html]
[miks-soft.com/portfolio/software/a-white-label-goods-delivery-system.html]
[miks-soft.com/portfolio/software/crm-development-for-british-american-tobacco.html]
[miks-soft.com/portfolio/app/mobile-app-development-for-qpay.html]
[miks-soft.com/portfolio/app/the-fitability-wellness-application.html]
[miks-soft.com/portfolio/app/a-white-label-goods-delivery-system.html]
[miks-soft.com/index.html]
[miks-soft.com/privacy-policy.html]
[miks-soft.com/assets/services_first_screen_video_2.mp4]
[miks-soft.com/ru/services/outstaffing.html]
[miks-soft.com/ru/services/startups.html]
[miks-soft.com/ru/services/digitalization.html]
[miks-soft.com/ru/services/ai.html]
[miks-soft.com/assets/images/technologies/nodejs.svg]
[miks-soft.com/assets/images/technologies/magento.svg]
[miks-soft.com/assets/images/technologies/laravel.svg]
[miks-soft.com/assets/images/technologies/python.svg]
[miks-soft.com/assets/images/technologies/vuejs.svg]
[miks-soft.com/assets/images/technologies/react.svg]
[miks-soft.com/assets/images/technologies/angular.svg]
[miks-soft.com/assets/images/technologies/drupal.svg]
[miks-soft.com/assets/images/technologies/go.svg]
[miks-soft.com/assets/images/technologies/symfony.svg]
[miks-soft.com/assets/images/technologies/swift.svg]
[miks-soft.com/assets/images/technologies/obj-c.svg]
[miks-soft.com/assets/images/technologies/java.svg]
[miks-soft.com/assets/images/technologies/kotlin.svg]
[miks-soft.com/assets/images/technologies/react-native.svg]
[miks-soft.com/assets/services_advantages_video_2.mp4]
[miks-soft.com/ru/services.html]
[miks-soft.com/ru/portfolio/web/the-tichmi-learning-management-system.html]
[miks-soft.com/storage/cases/2023/02/09/72936ca7bc8bbfcbb93e5938df3303f47bf42550.png]
[miks-soft.com/ru/portfolio/web/corporate-website-and-brand-identity-for-taurus-investment-group.html]
[miks-soft.com/storage/cases/2023/01/20/d3ad8d0b534de943f2a16487494f8e0f7576a77b.png]
[miks-soft.com/ru/portfolio.html]
[mc.yandex.ru/metrika/tag5445.js]
[miks-soft.com/assets/partner/partner-bg.png]
[miks-soft.com/assets/partner/i1.png]
[miks-soft.com/assets/partner/i2.png]
[miks-soft.com/assets/partner/i3.png]
[miks-soft.com/assets/partner/i4.png]
[miks-soft.com/assets/partner/i5.png]
[miks-soft.com/assets/partner/i6.png]
[miks-soft.com/assets/partner/i7.png]
[miks-soft.com/assets/partner/i8.png]
[miks-soft.com/ru/partners.html]
[miks-soft.com/assets/sprites/sprite-mono.svg]
[miks-soft.com/assets/images/awards/awwwards.svg]
[miks-soft.com/assets/images/awards/css_design_awards.svg]
[miks-soft.com/assets/images/awards/cssfox.svg]
[miks-soft.com/assets/images/awards/cms_magazine.svg]
[miks-soft.com/assets/images/awards/behance.svg]
[miks-soft.com/storage/cases/2023/01/20/20b73ceea22c1bd2b4e0b10823bd190685f5fa7d.png]
[miks-soft.com/storage/cases/2023/01/20/cd6f88b7def2ada0c37b15de258b7b16cff013e2.png]
[miks-soft.com/storage/cases/2023/01/20/bd1ef422b9b92c31d8a38377f37920e5b44d940c.png]
[miks-soft.com/storage/cases/2023/01/20/530e748ec754ca0d2899fa811eec844a9bf6ae37.png]
[miks-soft.com/storage/cases/2023/01/20/cb09f721a50a5efbb58a6a3e63fa09e9fe84f853.png]
[miks-soft.com/storage/cases/2023/01/20/13ac284ebc4e3ae4f45611372a868b702d1c0490.png]
[miks-soft.com/storage/cases/2023/01/20/4f13dba1598eeb3b89af1992f695c2cab0fd3e10.png]
[miks-soft.com/storage/cases/2023/01/20/e7d6150f3ebfd43a0871511dcef457c80037b489.png]
[miks-soft.com/storage/cases/2023/01/20/d98691256d18add9e65f8ff81b832c636b1b019e.png]
[miks-soft.com/storage/cases/2023/01/20/e94b7174d312036b41d3f3e4cac577615f13aa9b.png]
[miks-soft.com/ru/portfolio/web/web-application-development-for-busking-cash.html]
[miks-soft.com/storage/cases/2023/01/27/bb91907434c5b1bda28dfbf46c5e2246ce1a6ee2.png]
[miks-soft.com/storage/cases/2023/01/27/49e8ee565162f039798c9e96ee9f75a33b47720e.png]
[miks-soft.com/storage/cases/2023/01/27/9a5ae99bc93726cbdb9e78886914602c243eb069.png]
[miks-soft.com/storage/cases/2023/01/27/7dcf22b96cedafc856b18713a6595ec957fee5d3.png]
[miks-soft.com/storage/cases/2023/01/27/631bce86314ed3a0e45036f0fe92da2d0dab8e6c.png]
[miks-soft.com/storage/cases/2023/01/27/bd4b257690deaf247dd416abc6595436d9d1bb59.png]
[miks-soft.com/storage/cases/2023/01/27/e8f0749c62a8017fa11625d491a1caa8d27c7046.png]
[miks-soft.com/storage/cases/2023/01/27/30c184a07309e875008142a37808e309b8e7a6ee.png]
[miks-soft.com/storage/cases/2023/01/27/15431aba0dabf620bfa3883797cbd03c82507662.png]
[miks-soft.com/storage/cases/2023/01/27/f412ce56ff66ef198fe6617a86e93479b961ad30.png]
[miks-soft.com/storage/cases/2023/01/27/66895ff23756234121c79ed57b885ef11ec797fd.png]
[miks-soft.com/storage/cases/2023/01/27/2d33655bc6495755ad903477218f6c3b3959864c.png]
[miks-soft.com/storage/cases/2023/01/27/ff96149129fd35c9022a78b76f4592e204b5173f.png]
[miks-soft.com/storage/cases/2023/01/27/409e5e15fb1eaeab49338019e0c481b7c04b51e7.png]
[miks-soft.com/ru/portfolio/web/bloomsberry-publishing-community-news-platform.html]
[miks-soft.com/storage/cases/2025/02/25/5f96bc89e6b3653d65480f78a9693f695084dd7f.png]
[miks-soft.com/storage/cases/2025/02/25/a586f5d8ce1e7e6187ca70fbfdc8df23e57422f2.png]
[miks-soft.com/storage/cases/2025/02/25/6a3c3f1c5255b66afd0674c92851262843129f84.png]
[miks-soft.com/storage/cases/2025/02/25/12b5ec97e0c8eb476f3b580f4b175870ab4a22a3.png]
[miks-soft.com/storage/cases/2025/02/25/ad9cc1793b4346ad6f51faaa413d721e166f1eec.png]
[miks-soft.com/storage/cases/2025/02/25/1323ad844a50115f6b30027a60f32d55340ce99d.png]
[miks-soft.com/storage/cases/2025/02/25/4be673779ec15ee84135e75c025acf4efae8857a.png]
[miks-soft.com/storage/cases/2025/02/25/fa8519f8f637000575c70041ab0ffc3aca3fc4cd.png]
[miks-soft.com/storage/cases/2025/02/25/4e05830d42a14103061975aa5babd790696b97ce.png]
[miks-soft.com/ru/portfolio/web/web-development-for-international-fintech-company.html]
[miks-soft.com/storage/cases/2023/02/10/927ea32b219990e80c9926967a1484072db999c7.png]
[miks-soft.com/storage/cases/2023/02/10/1d1b0b1c171c1313c915fbef69bb73aaf99b95f6.png]
[miks-soft.com/storage/cases/2023/02/10/994585dca82a7d853793837bd4b8a46a1940735b.png]
[miks-soft.com/storage/cases/2023/02/10/125146d3dc221358442d9d708369ba4d1b250515.png]
[miks-soft.com/storage/cases/2023/02/10/aa03c6052cafb1bca013f01fc7b623585d44cde1.png]
[miks-soft.com/storage/cases/2023/02/10/c4e84e42aa14e28c5ea3d6efa5471449a9c34c41.png]
[miks-soft.com/storage/cases/2023/02/10/213805eba22853b1813ef77777801df98702c628.png]
[miks-soft.com/storage/cases/2023/02/10/a5dba5029c16d5ecc049ed0a55d9313d84777678.png]
[miks-soft.com/storage/cases/2023/02/10/5194a33d61f6e382f8288a26e44a179b23176f2d.png]
[miks-soft.com/storage/cases/2023/02/10/c10386a12cbadbd8a4b3c01174ae561f47bb60cc.png]
[miks-soft.com/storage/cases/2023/02/10/50eb1e49e240af2b6368c0574d6d8ab35c4e67ec.png]
[miks-soft.com/ru/portfolio/software/the-vtour-travel-platform.html]
[miks-soft.com/storage/cases/2023/01/20/f890ade63d8a2537a75f399d8b6f6e5aee74a462.png]
[miks-soft.com/storage/cases/2023/01/20/caaa98a5b0220192bc81f57f3e41b5dec9100238.png]
[miks-soft.com/storage/cases/2023/01/20/582fc570ade7aa41b515005a52675e029292678e.png]
[miks-soft.com/storage/cases/2023/01/20/635d481c31144eebd9684c25cf9b193ca1e66413.png]
[miks-soft.com/storage/cases/2023/01/20/cb586ca6926d687ab1d0b26aca513d647975f6ef.png]
[miks-soft.com/storage/cases/2023/01/20/4000f9d2d3a3167199e40d7e7b65189f2a04b55f.png]
[miks-soft.com/storage/cases/2023/01/20/b97bb6ad0ef45a55a9a25f60d3c63c0c2ec4a700.png]
[miks-soft.com/storage/cases/2023/01/20/1e645f3a0f9bdeee18b34b9dfab81cea4a2e85d5.png]
[miks-soft.com/storage/cases/2023/01/20/979d13e9060fbbaaef6805a25287ace347054e3f.png]
[miks-soft.com/storage/cases/2023/01/20/4e4f8147e5a4f2fb4c4e8cacd489ffbfee0b253f.png]
[miks-soft.com/storage/cases/2023/01/20/e6bc4d9d192f6866c36c79e4b03be0dded2e9df0.png]
[miks-soft.com/ru/portfolio/software/a-white-label-goods-delivery-system.html]
[miks-soft.com/storage/cases/2023/01/26/3613988ab16bd55793d4641ee690b7f88e439e89.png]
[miks-soft.com/storage/cases/2023/01/26/9c2c673648ff4ceed01cb01c3a2df05914194fd8.png]
[miks-soft.com/storage/cases/2023/01/26/177796e63ccc2ac0007dc453536530e569e38324.png]
[miks-soft.com/storage/cases/2023/01/26/e806d65a1a32574279b58761bc851ed6bb36c801.png]
[miks-soft.com/storage/cases/2023/01/26/80075d3f06c5de76fbc7266d1ddedd88aedbee2e.png]
[miks-soft.com/storage/cases/2023/01/26/981172e822f0ea321e8121dee00bbf4abcb6e3cd.png]
[miks-soft.com/storage/cases/2023/01/26/0d2389f51475740fe285dc863bcc90c7dbff2eae.png]
[miks-soft.com/storage/cases/2023/01/26/b08b4c2f103da54701257ab810214bfc3ff6ce5a.png]
[miks-soft.com/storage/cases/2023/01/26/005709b24fb400bbab5a32eaa705953d5c69faf2.png]
[miks-soft.com/ru/portfolio/software/crm-development-for-british-american-tobacco.html]
[miks-soft.com/storage/cases/2023/01/19/6bd747e89db3656a54359e04eef0b9eaeddebc75.png]
[miks-soft.com/storage/cases/2023/01/19/1681f8468692574c4df48e95464a8180560478e4.png]
[miks-soft.com/storage/cases/2023/01/19/4e1deddab653e417d08bad36b19bdebb341e11db.png]
[miks-soft.com/storage/cases/2023/01/19/c35bf60767a09f96ecde0ece1a0c542ea214c325.png]
[miks-soft.com/storage/cases/2023/01/19/702b9a43284efadc9540bd6268604998e1a6f84b.png]
[miks-soft.com/storage/cases/2023/01/19/18e37b9e703ebc58de81391a599153581246d94c.png]
[miks-soft.com/storage/cases/2023/01/19/b2854c37d8b388287ccc9a70547de4290dfcb221.png]
[miks-soft.com/storage/cases/2023/01/19/3131178f85ce3a20aead9dcb73bc4871baff9f1c.png]
[miks-soft.com/storage/cases/2023/01/19/84afdddec0baa0dffe6f95141b202ea5d1080581.png]
[miks-soft.com/storage/cases/2023/01/19/d1c97d7266d4c415f3ec6f4dc51a76cf34d89a3b.png]
[miks-soft.com/storage/cases/2023/01/19/f827b1486914e8cd34e4de24641a0e3a05b5e1c9.png]
[miks-soft.com/storage/cases/2023/01/19/6f0e53bae6dfb09d46d08f8a3aca8153f4f7b62f.png]
[miks-soft.com/storage/cases/2023/01/19/8a95bc73513b34820d9f218d56695f62a4f30cb6.png]
[miks-soft.com/storage/cases/2023/01/19/75cbcea2446774875d4216586bc5a82897a98a3b.png]
[miks-soft.com/storage/cases/2023/01/19/a60619f55935361dac3f070a4cff8b17b54999d5.png]
[miks-soft.com/storage/cases/2023/01/19/076136951b7913718032c2948ecb303df9eb6e97.png]
[miks-soft.com/storage/cases/2023/01/19/4120e5d916260829f210b3815368c4d9f91519c9.png]
[miks-soft.com/ru/portfolio/app/mobile-app-development-for-qpay.html]
[miks-soft.com/storage/cases/2023/01/20/24f9c48f6a43068ec841fa0113411111b768e5e1.png]
[miks-soft.com/storage/cases/2023/01/20/8c72f451ea1622693d5f266f77696db20d46a8b3.png]
[miks-soft.com/storage/cases/2023/01/20/a2e6159b4119989365ff48a85c64db9302cbbe1a.png]
[miks-soft.com/storage/cases/2023/01/20/cda6e1f51aea60ea8e5ed198d4050efadb15e79d.png]
[miks-soft.com/ru/portfolio/app/the-fitability-wellness-application.html]
[miks-soft.com/ru/portfolio/app/a-white-label-goods-delivery-system.html]
[miks-soft.com/assets/images/brands/shell_mob.svg]
[miks-soft.com/assets/images/brands/british_american_tobacco_mob.svg]
[miks-soft.com/assets/images/brands/sony_mob.svg]
[miks-soft.com/assets/images/brands/bausch_health_mob.svg]
[miks-soft.com/assets/images/brands/dr.reddys_mob.svg]
[miks-soft.com/assets/images/brands/burger_king_mob.svg]
[miks-soft.com/assets/images/brands/spar_mob.svg]
[miks-soft.com/assets/images/brands/a1_mob.svg]
[miks-soft.com/ru/privacy-policy.html]
[miks-soft.com/build/assets/path/to/globe_light.html]
[miks-soft.com/build/assets/path/to/globe_light@2x.html]
[miks-soft.com/assets/images/checkbox.svg]
[miks-soft.com/services.html]
[miks-soft.com/services/ai.html]
[miks-soft.com/portfolio/web/the-tichmi-learning-management-system.html]
[miks-soft.com/portfolio.html]
[miks-soft.com/partners.html]
[miks-soft.com/portfolio/web/web-application-development-for-busking-cash.html]
[miks-soft.com/portfolio/web/bloomsberry-publishing-community-news-platform.html]
[miks-soft.com/portfolio/web/web-development-for-international-fintech-company.html]
[miks-soft.com/portfolio/software/the-vtour-travel-platform.html]
[miks-soft.com/portfolio/software/a-white-label-goods-delivery-system.html]
[miks-soft.com/portfolio/software/crm-development-for-british-american-tobacco.html]
[miks-soft.com/portfolio/app/mobile-app-development-for-qpay.html]
[miks-soft.com/portfolio/app/the-fitability-wellness-application.html]
[miks-soft.com/portfolio/app/a-white-label-goods-delivery-system.html]
[miks-soft.com/privacy-policy.html]
[miks-soft.com/portfolio/web/corporate-website-and-brand-identity-for-taurus-investment-group.html]
[miks-soft.com/build/assets/startup-68bb2503.css]
[miks-soft.com/services/outstaffing]
[miks-soft.com/assets/images/brands/a1.svg]
[miks-soft.com/assets/images/startups/rings1.png]
[miks-soft.com/assets/images/startups/rings2.png]
[miks-soft.com/assets/images/startups/rings3.png]
[miks-soft.com/assets/images/startups/rings4.png]
[miks-soft.com/assets/images/startups/rings5.png]
[miks-soft.com/ru/services/outstaffing.html]
[miks-soft.com/services/startups]
[miks-soft.com/storage/cases/2024/11/18/9042eead6a6e59a1dd59c4ed5ee894f33f19647a.png]
[miks-soft.com/assets/images/startups/rings6.png]
[miks-soft.com/ru/services/startups.html]
[miks-soft.com/services/digitalization]
[miks-soft.com/storage/cases/2024/12/02/96817be815fa5c882862cf595f0d3ac85eaf701a.png]
[miks-soft.com/ru/services/digitalization.html]
[miks-soft.com/assets/images/interior-thumbturn-black-hardware-matte-door.jpg]
[miks-soft.com/ru/services/ai.html]
[miks-soft.com/assets/images/technologies/nodejs.svg]
[miks-soft.com/assets/images/technologies/magento.svg]
[miks-soft.com/assets/images/technologies/laravel.svg]
[miks-soft.com/assets/images/technologies/python.svg]
[miks-soft.com/assets/images/technologies/vuejs.svg]
[miks-soft.com/assets/images/technologies/react.svg]
[miks-soft.com/assets/images/technologies/angular.svg]
[miks-soft.com/assets/images/technologies/drupal.svg]
[miks-soft.com/assets/images/technologies/go.svg]
[miks-soft.com/assets/images/technologies/symfony.svg]
[miks-soft.com/assets/images/technologies/swift.svg]
[miks-soft.com/assets/images/technologies/obj-c.svg]
[miks-soft.com/assets/images/technologies/java.svg]
[miks-soft.com/assets/images/technologies/kotlin.svg]
[miks-soft.com/assets/images/technologies/react-native.svg]
[miks-soft.com/storage/cases/2023/01/26/53c959b895537f38361a1df27f7be195766ddd69.png]
[miks-soft.com/storage/cases/2023/01/26/d6d785c89a79ad9b8e4b78dee46d28f41950fbf6.png]
[miks-soft.com/storage/cases/2023/01/26/1e254fde4ea7b08364f5caae129668f247da8f5d.png]
[miks-soft.com/storage/cases/2023/01/26/f9ce6bfa51d90d3414a36bf601f5dfd2eee492cf.png]
[miks-soft.com/storage/cases/2023/01/26/63d1855a2dbeb8fe55359667a3d5e3648de8d385.png]
[miks-soft.com/storage/cases/2023/01/26/9fe5fafcdbc4eac80d389e43987e64de6673e24d.png]
[miks-soft.com/storage/cases/2023/01/26/edded5901098b6f0f9969affaebee2c97d22950b.png]
[miks-soft.com/storage/cases/2023/01/26/9b7470237e351ec2e5704a3bf92aa7ade1add9e4.png]
[miks-soft.com/storage/cases/2023/01/26/094fc31563f2b3162ccc6745125204124e69c0a8.png]
[miks-soft.com/storage/cases/2023/01/26/243c55912755f37c7df6d850b04403e0c83c8268.png]
[miks-soft.com/storage/cases/2023/01/26/058e17a02c78cf5837053f7948673cb30eb1ad68.png]
[miks-soft.com/storage/cases/2023/01/26/7175d3aea397a44c2b8acd44fd57804d58a11a3a.png]
[miks-soft.com/storage/cases/2023/01/26/633be2f99e5c7bc3d79d55f4c1a365a426ed038c.png]
[miks-soft.com/storage/cases/2023/01/26/d8f88a7e61a238f3c3004eea1eb9e928a7818381.png]
[miks-soft.com/storage/cases/2023/01/26/a7d70255e2fd9bd9d3570a7ca2757cf91ecee35f.png]
[miks-soft.com/storage/cases/2023/01/26/e55699d3f4da9acc59b2d3c1e752862ff0dae49c.png]
[miks-soft.com/storage/cases/2023/01/26/1a953555a024aaf8cb3060fb57268e45dc0b3da5.png]
[miks-soft.com/storage/cases/2023/01/26/43ba4953fc318a17ce07a9806c3330a154230699.png]
[miks-soft.com/storage/cases/2023/01/26/8ee686ec5f621128802df4710f59e8a60442a663.png]
[miks-soft.com/storage/cases/2023/01/26/7a5d220f005a14adae0e8c9c916120baf377a4f5.png]
[miks-soft.com/storage/cases/2023/01/26/6408aa6f7316c5a5a2ee815cc24d62d7cfe97e26.png]
[miks-soft.com/storage/cases/2023/01/26/7810d3e1536e32a3e5d3f41a0a49f8d7113d2af1.png]
[miks-soft.com/ru/portfolio/web/the-tichmi-learning-management-system.html]
[miks-soft.com/storage/cases/2023/01/19/1c2a2d0ae7843473dc10fa391408584c76d79cfa.png]
[miks-soft.com/storage/cases/2023/01/13/e8aaa002acbdb59543d5a012f36e56a9e75d116b.jpg]
[miks-soft.com/storage/cases/2023/01/13/dbc824a85d397af66694c727e15f26dadc879134.jpg]
[miks-soft.com/storage/cases/2023/01/13/793aabb037b16343afc5c4724943dbc11eb7cb5e.jpg]
[miks-soft.com/storage/cases/2023/01/13/b823cf061a7c695b453f3cd7d6241d6071e7be3c.jpg]
[miks-soft.com/storage/cases/2023/01/13/b6894cc9de6796986fae49e91f4739b5f60560af.png]
[miks-soft.com/ru/portfolio/web/corporate-website-and-brand-identity-for-taurus-investment-group.html]
[miks-soft.com/storage/cases/2025/02/25/5f96bc89e6b3653d65480f78a9693f695084dd7f.png]
[miks-soft.com/storage/cases/2025/02/25/a586f5d8ce1e7e6187ca70fbfdc8df23e57422f2.png]
[miks-soft.com/storage/cases/2025/02/25/6a3c3f1c5255b66afd0674c92851262843129f84.png]
[miks-soft.com/storage/cases/2025/02/25/12b5ec97e0c8eb476f3b580f4b175870ab4a22a3.png]
[miks-soft.com/storage/cases/2025/02/25/ad9cc1793b4346ad6f51faaa413d721e166f1eec.png]
[miks-soft.com/storage/cases/2025/02/25/1323ad844a50115f6b30027a60f32d55340ce99d.png]
[miks-soft.com/storage/cases/2025/02/25/4be673779ec15ee84135e75c025acf4efae8857a.png]
[miks-soft.com/services/ai.html]
[miks-soft.com/portfolio/web/the-tichmi-learning-management-system.html]
[miks-soft.com/portfolio/web/corporate-website-and-brand-identity-for-taurus-investment-group.html]
[miks-soft.com/build/assets/startup-68bb2503.css]
[miks-soft.com/services/outstaffing.html]
[miks-soft.com/assets/images/brands/a1.svg]
[miks-soft.com/services/startups.html]
[miks-soft.com/services/digitalization.html]
[miks-soft.com/en/portfolio.html]
[miks-soft.com/en/portfolio.html]
